0 JMP 0 1
1 INT 0 8
2 LIT 0 0
3 STO 0 7
4 RED 0 3
5 RED 0 4
6 LIT 0 1
7 STO 0 5
8 LOD 0 5
9 LOD 0 3
10 OPR 0 13
11 JPC 0 39
12 LOD 0 3
13 LOD 0 5
14 OPR 0 3
15 STO 0 6
16 LOD 0 5
17 LIT 0 2
18 OPR 0 4
19 LOD 0 6
20 LIT 0 4
21 OPR 0 4
22 OPR 0 2
23 LOD 0 4
24 OPR 0 8
25 JPC 0 34
26 LOD 0 5
27 WRT 0 0
28 LOD 0 6
29 WRT 0 0
30 LOD 0 7
31 LIT 0 1
32 OPR 0 2
33 STO 0 7
34 LOD 0 5
35 LIT 0 1
36 OPR 0 2
37 STO 0 5
38 JMP 0 8
39 LOD 0 7
40 LIT 0 0
41 OPR 0 8
42 JPC 0 47
43 LIT 0 0
44 WRT 0 0
45 LIT 0 0
46 WRT 0 0
47 OPR 0 0